Азохн вей, шалом алейхм, Крейсман...
А как помер соловей с криком "падлы вы!"...
Алеша жарил на баяне...
АМНИСТИЯ
А МОЖЕТ, НЕ БЫЛО ВОЙНЫ...
АНАФЕМА
Анафема всем тем, кто записал себя в опричники...
А ну-ка, сделайте мне фото, мсье Жан...
Ах, да что ж гремит, гудит звоница...
Ах, если б знали вы, что за деликатессы...
Ах, какого дружка потерял я в бою...
Ах, какой вчера был день...
Ах, не вините меня в том,
БАБИЙ ЯР
БАЛЛАДА 1812 ГОДА
БАЛЛАДА БЕЗМОЛВИЯ
БАЛЛАДА ЛУНАТИКОВ
БАЛЛАДА О ЗЕМЛЕПАШЦЕ
БАЛЛАДА О МУЗАХ И ПРОКРУСТОВОМ ЛОЖЕ
Баловалась вечером гитарой тишина...
БЕЛАЯ НОЧЬ
Белая ночь, не уходи...
БЕЛАЯ ПТИЦА УДАЧИ
БЕСПРИЗОРНИК
БЕССОННИЦА
Бич, как выстрел, я...
БРАЙТОН
Бывает, мы прощаемся навеки...
Было время, я шел 38 узлов...
ВАЛЬС 37-го ГОДА
ВАЛЬС-БОСТОН
ВАЛЬС НА ЛЕБЯЖЬЕЙ КАНАВКЕ
ВАЛЬС НА ПЛОСКОСТИ
В Афганистане в черном тюльпане...
В ГОРАХ АФГАНИ
ВЕСЕННЕЕ СУМАСШЕСТВИЕ
ВЕЧЕPНЯЯ ЗАСТОЛЬНАЯ
ВЕЩАЯ СУДЬБА
В жестком ритме годов...
Виделось часто в сон беспокойный...
В один из дней с улыбкой на губе...
ВОЗВРАЩЕНИЕ
ВОЗВРАЩЕНИЕ В ГОРОД
ВОРОН
Ворота райские закрыты...
ВОPЫ В ЗАКОНЕ
ВОСЕМНАДЦАТЬ ЛЕТ СПУСТЯ
ВОСЕМНАДЦАТЬ ПОЛЕЗНЫХ СОВЕТОВ
ВОСПОМИНАНИЕ О БУДУЩЕМ
ВОСПОМИНАНИЕ О ПРОШЛОМ
Вот опять захандрила дождями природа.
Вот такие вот дела...
Вот я стою в прожекторах лучистых...
В пальцы свои дышу...
Впереди океан...
В плавнях шорох - и лягавая застыла чутко...
В поле, что за дальним полустанком...
ВСЕ БЫВАЕТ
Все зрители давно на месте...
Все пойми ты, Париж...
Встану рано поутру на заре...
В стольном городе Чикаго...
В то утро, когда на Земле моей ветер засвищет...
Выйди из землянки...
Высоко, высоко, вольно...
ВЫСОТА ОДИНОЧЕСТВА
Высота одиночества - элемент ультpаси...
ГАСТРОЛЬНАЯ
ГЛУХАРИ
Глухари на токовище бьются грудью до крови...
Голова гудит, словно вдрызг был пьян...
ГОЛОСУЮ
Голосую среди грязи и ненастья.
ГОЛУБИЦА
Голыми руками, да с лицом сусальным...
ГОП-СТОП
Грянул выстрел в тишине...
ДАГОМЫС
ДЕКАБРИСТСКИЙ СОН
Дело было в ресторане...
День такой хороший...
ДНЕМ И НОЧЬЮ
Дождь... Над Невой туман...
Доктор, подымим вместе перед сном?
ДОЛГАЯ ДОРОГА ЛЕТА
ДОРОГА ДЛИНОЮ В ЖИЗНЬ
ДОРОГА НА ВАГАНЬКОВО
ДУМА
Духовые оркестры...
Ей-богу, грех в такую ночь...
ЕСАУЛ
Если голос мой вдpуг замолчит...
Если можешь, старик, то прости, отпусти мне грехи...
Есть в Одессе Молдаванка...
Жаркий день над Ленинградом...
Жаркий треск вишневых сучьев...
Жарких костров развеселый треск...
Ждет машина, урча.
ЖЕРЕБЕНОК
Жизнь ни на грош...
Жизнь сорвалась, падает с крыши...
Жил-был матрос. Да верь не верь...
Жил старик, колесо крутил...
Заболело сердце у меня...
Задумчив Кировский проспект...
Заплутал, не знаю где...
За рекой, где мой дом...
ЗАТЯЖНОЙ ПРЫЖОК
ЗАХОДИТЕ К НАМ "НА ОГОНЕК"
Зачем вспоминаю я...
За что вы любите мужчин?
Зашуми ты, голова хмельная...
ЗВЕЗДОПАД
Здесь, на старом еврейском кладбище...
ЗИМНЯЯ НОЧЬ (ЗИМНЯЯ СКАЗКА)
ЗИМНЯЯ СКАЗКА (ЗИМНЯЯ НОЧЬ)
ЗООПАРК
И белые розы, и красные обломаны в парке давно...
Иван Иваныч Иванов прошел войну и был здоров...
Извините, что на свадьбах не игpаю...
ИЗВОЗЧИК
Иногда в денек погожий, длинный...
И откроют врата для нас...
И сейчас лежат прокрусты...
Их не звали, тут разве до них...
КАБОТАЖНЫЙ ПАРОХОД
Каботажный пароход разрезает волны...
КАЗАЧЬЯ
Какая разница в том, что со мною было?
Как меня этот миp достал...
Как на гриф резной...
Как стало ночью тихо на фонтанах...
Как узорчатый кистень...
Как часто ночью в отзвуках шагов...
КАМИКАДЗЕ
КАНДАЛЬНАЯ
КАРАВАН
К дому путь-дороженька...
Кем же я был в жизни другой, мною непознанной...
КИСТЕНЬ
КЛЕТЧАТЫЙ
Клетчатый пиджак надет, отдам швартовы я...
Когда наступает время убрать, что давно посеял...
Когда усталость с ног сбивает ветром...
Когда я вернусь, накуплю сыну кучу игрушек...
КОЛЫБЕЛЬНАЯ НА НАРАХ
Команда, швартовы отдали и с якоря снялись.
КОРАБЛЬ КОНВОЯ
КОРОТКА НАША ЖИЗНЬ
КРАСНАЯ СТЕНА
КРУГ ЗА КРУГОМ
КРУЧИНА
КТО БЫЛ НИЧЕМ, ТОТ СТАЛ НИКЕМ.
КУБАНСКАЯ КАЗАЧЬЯ
КУКУШКА
Ленинградцы мои, вы не дети мне, нет...
ЛЕСОСПЛАВ
ЛИГОВКА
Листопад Подмосковья прозрачен и чист...
Лихо, мое лихо...
Мама, послушай, случилось несчастье...
Мама сшила рубашку в тот памятный год...
Марк Шнейдер был маркшейдер...
МАШКА И МЫШКА
Меня не посадить, я это твердо знаю...
Месяц - князь-разлучник...
Месяц май весну пpинес, сел на ветку гpач...
Мне во сне еще летать и летать...
Мне пел-нашептывал начальник из сыскной...
Моей Отчизны вечное ребячество...
МОИ РАНЫ НЕ БОЛЯТ
МОНОЛОГ ПИЛОТА "ЧЕРНОГО ТЮЛЬПАНА"
МОНОЛОГ ЦИРКОВОЙ ЛОШАДИ
МУЗЫКА
МУЗЫКА ИЛИ СТИХИ
Мы бродим по лунам...
МЫ ВЕРНЕМСЯ
Мы все поймем, да что там говорить.
Мы с ним росли в одном дворе...
НА ВОЙНЕ КАК НА ВОЙНЕ
На гитару мою ночь тихо села...
Hа гору Поклонную влез...
Над головой звездопад...
На день рожденья твой...
Над заснеженным садиком...
НА ДОНУ, НА ДОНЕ
НА ДОРОГЕ ЖИЗНИ
На дорогу, что вдали от Неглинки...
На ковре из желтых листьев...
НАЛЕТЕЛА ГРУСТЬ
На модном пляже в жаркий летний день...
Нам уже давно за тридцать...
На одесском на майдане...
Написала Зойка мне письмо...
НАРИСУЙТЕ МНЕ ДОМ
На семи ветрах, на семи холмах...
На улице Гороховой ажиотаж...
НА УЛИЦЕ МАРАТА
НЕДОТРОГА
Не молчи, рояль, днем и ночью в мире звуков я...
НЕНОВАЯ НОВЕЛЛА О НОТНЫХ ЗНАКАХ
Не оплачены горя счета...
Не погаснет свет в небе лазоревом...
Не привыкнуть никак к тишине...
Не спешите нас хоронить...
Нет Облонских, но все смешалося.
НЕТУ ВРЕМЕНИ
НИЗКИЙ СТАРТ
НИНКА
Нинка, как картинка...
Ничего, что день холодный и серый...
Ноги ходят сами по себе...
Ну вот и все: проложен курс, и на борту комплект...
ОБО МНЕ НЕ НАДО ПЛАКАТЬ
Ой, дуда-дудари, лапотники-гусляры...
Окрестись, маманя, маленьким кресточком...
Опять один в постели полусонной...
ОСЕННЯЯ ПЕСНЯ
ОСЕНЬ
О "СКОРОЙ ПОМОЩИ"
От звонка до звонка...
Открылась дверь - и я в момент растаял...
Отслужи по мне, отслужи...
Ох, и стерва ты, Маруся, ну и стерва!
Ох, проводи-ка меня, батя, да на войну...
О чем поют ныне дети Арбата...
Очень много пап...
ПАМЯТИ МОРЯКОВ ТЕПЛОХОДА "МЕХАНИК ТАРАСОВ"
ПЕРВЫЙ, ВТОРОЙ
ПЕРЕД ПОСЛЕДНИМ АКТОМ
Переломаны буреломами...
ПЕСЕНКА ШПРЕХШТАЛМЕЙСТЕРА
Песни дочке завещавший...
ПЕСНЯ ВРЕМЕН ЗАСТОЯ
Песня звонкая да расплескалася...
ПЕСНЯ КОНЯ ЦЫГАНСКИХ КРОВЕЙ
ПЕСНЯ КРАСНЫХ КОННИКОВ
ПЕСНЯ КУРЕННОГО АТАМАНА ГРИШКИ,
ПЕСНЯ О ВЕРЕ
ПЕСНЯ О ГОНЧАРЕ
ПЕСНЯ О ЗАВИСТИ
ПЕСНЯ О ЛЕНИНГРАДЕ
ПЕСНЯ О ПАРАДНОМ ШАГЕ
ПЕСНЯ ОТРОКА
ПЕСНЯ О ХОЛОДАХ
ПЕСНЯ ПPОТЕСТА
ПЕСНЯ СТАРОГО ПОРТНОГО
ПИСЬМО
ПЛАЧ МАТЕРИ
По Большому Сибирскому тракту...
Погода дрянь, как, впрочем, и дела...
Погоди, я зажгу на минуточку в комнате свет...
ПОДЗАБОРНАЯ СТРУНА
Под зарю вечернюю солнце к речке клонит...
Под зарю хорошую...
ПОДМОСКОВНОЕ ТАНГО
Под ольхой задремал есаул молоденький...
ПОЕДИНОК
ПОЕЗДКА ИЗ ОДЕССЫ В ПЕТРОГРАД
Позабуду грусть, печаль, тоску...
ПОКАЖИТЕ МНЕ МОСКВУ
Поле наледью покрылось...
Полукpуг, полумpак, полутpепетный pот...
ПО ПЕРВОМУ СРОКУ
ПОСВЯЩЕНИЕ АКТРИСЕ
ПОСВЯЩЕHИЕ Б.ОКУДЖАВЕ
ПОСВЯЩЕНИЕ ПОСВЯЩАЮЩИМ
ПОСВЯЩЕНИЕ РОМАНУ КАЗАКОВУ
ПОСЛЕПОБЕДНЫЙ ВАЛЬС
ПОСМЕPТНАЯ ЗАПИСКА
ПО СНЕГУ
По снегу, летящему с неба...
Потекли ручьи весенние...
ПО ТРАПУ САМОЛЕТА
ПРЕДРАССВЕТНЫЙ ВАЛЬС
Придет пора и золотым дождем...
ПРОВОДЫ
ПРОГУЛКА ПО НЕВСКОМУ
ПРОСТИ-ПРОЩАЙ
Простите вы, кому не все равно...
ПРОСТИТЕ МНЕ
Прохудилися карманы...
Прыжок мой слишком затянулся...
Пустая, холодная, жуткая комната...
Пусть осень не кончается...
Пусть те, кто нас хоть чуть-чуть любил...
ПУТЕШЕСТВИЕ ГУЛЛИВЕРА В СТРАНУ ВЕЛИКАНОВ
ПУТЕШЕСТВИЕ ГУЛЛИВЕРА В СТРАНУ ЛИЛИПУТОВ
Пятьсот первая стройка...
РАЗГОВОР, ПОДСЛУШАННЫЙ В ЭЛЕКТРИЧКЕ ЛЕНИНГРАД-МГА
РАЗМЫШЛЕНИЕ НА ПРОГУЛКЕ
Расплатился за все...
РАССТАВАНИЕ /Исаакиевскому собору/
Расчудил мороз на стеклах на узорчатых...
РЕКВИЕМ
РЕТРО
РОЖДЕНИЕ СТИХОВ
РОЖДЕННЫЙ В РУБАШКЕ
РОМАНС ГЕНЕРАЛА ЧАРНОТЫ
РОМАНС НАЙ-ТУРСА
САНЬКА КОТОВ
СВАДЬБА
СВАТОВСТВО СЕМЕНА
Светофоры, дайте визу...
СЕРЕБРИСТАЯ КОЛЫМА
Скинь мне, тетка, карту на фарт...
Скрипач а идиш Моня
СКРИПАЧ МОНЯ
Слева забор, справа забор...
Слился с небом косогор...
Слушай, добрый человек, я тебя не обману...
Смотрите, ангелы летят над самой головой...
Смотрите, женщина идет, не без Христа...
Смотрю удавом в зал завороженный...
Снится иногда долгая дорога лета...
СОН В РУКУ
СОНЯ
Спичка вспыхнула в ночи...
С распаренных домов спадает легкий зной...
Супчик из цветной капусты...
СЦЕНА НА ЯРМАРКЕ
Сыро на улице пустынной...
ТЕБЕ
ТЕТЯ МАНЯ
Тихо, как в раю...
Тридцать восемь узлов...
ТPИЗНА
ТРОЙКА
Ты когда-то была молодая...
Ты кручина из кручин...
ТЫ ПОМНИШЬ, БЭЛЛА?
Ты помнишь, Бэлла, песню за Херсон?
Ты уймись, не каркай, ворон, не трещи...
У вас на Брайтоне хорошая погода...
УДИВЛЯЮСЬ
Удивляюсь, как народ не обессилил...
Уже прошло лет тридцать после детства...
Улетают от нас эти теплые дни...
УМНИЦА
У нежной тонкой руки...
У ОКНА
У подножия гор перегрелся мотор...
УТИНАЯ ОХОТА
ФЛАГМАНСКИЙ МАРШ
Фраер, толстый фраер...
ФPЕДЕPИКО ГАPСИЯ ЛОPКЕ
Храпит пристяжная, огонь, да и только...
Черный дым вместо ярких огней на сцене.
Чеpт с ними, за столом сидим, поем, пляшем...
ЧЕТВЕРТИНОЧКА
ЧИКАГО
Чтоб ветра тебя, сынок, знали...
ЧТО-ТО ЗДЕСЬ НЕ ТАК
Чужим и незнакомым двеpи не откpывай...
Ша, братва, сейчас скажу...
ШИЛОХВОСТЬ
Этот маленький оркестрик...
Яблоня в саду отяжелела...
Я был повязан первый раз в тринадцать лет...
Я возвращался поздно лунной ночью...
Я вышел на тропу войны...
Я - диез на нотном стане.
Я жил - горел, я матерел...
Я ломился в закрытую дверь...
Я люблю возвращаться в свой город нежданно...
Я мальчишка беспризорный, голь, сирота...
Я мотаюсь, как клубок, по городам...
Я надеюсь, что Вы не откажете мне...
Я на похоpоны что-то зачастил...
Я НЕ ВЕРЮ
Я не верю всем тем, кто плюет в мой прохладный колодец...
Я по совести указу...
Я проснулся вчера не в квартире пустой...
Я смыт был в море с корабля.
Я срок переходил...
Я стать хотел геологом...
Я Сэмэн - в законе вор...
Я часто просыпаюсь в тишине...

