B0000076.SNGАБСОЛЮТНЫЙ СЛУХ                                                                 Васильев                                                                        Абсолютно верен абсолютный слух,                                                
B0000064.SNGАКТЕРАМ СТУДЕНЧЕСКОГО ТЕАТРА                                                    Иващенко                                                                        Я на сцену проникну тайком,                                                     
B0000013.SNGАЛЬМА-МАТЕРЬ                                                                    Васильев                                                                        Когда выпадет со звоном                                                         
B0000031.SNGАрия из ненаписанной оперы "Сибирский цирюльник"                                Васильев, слова Васильева, Иващенко                                             С неба солнышко сияет,                                                          
B0000033.SNGАХ, ВРЕМЯ, ВРЕМЯ                                                                Васильев, Слова Г.Васильева, А.Иващенко                                         Под шорох шин, под рокот ветра                                                  
B0000040.SNGБАБАЙ                                                                           Васильев                                                                        Он в мороке рыщет,                                                              
B0000037.SNGБАЛАНДА О СЕЛЕДКЕ.                                                              Васильев, Иващенко                                                              Плыла селедка в океане,                                                         
B0000045.SNGБОЦМАН                                                                          Иващенко                                                                        Попугая с плеча, старый боцман, сними.                                          
B0000049.SNGВ АЭРОПОРТУ "МИНВОДЫ"                                                           Иващенко                                                                        У тучи нет иной заботы,                                                         
B0000083.SNGВ густой траве пропадешь с головой.                                             Иващенко, Васильева, Слова А.Блока                                              В густой траве пропадешь с головой.                                             
B0000062.SNGВАЛЬС ВОЗВРАЩЕНИЯ                                                               Иващенко                                                                        Я усядусь в большой самолет,                                                    
B0000063.SNGВАЛЬС ПОСЛЕ ПРЕМЬЕРЫ                                                            Иващенко                                                                        Обрывки декораций,                                                              
B0000029.SNGВЕЧНЫЙ ДУМАТЕЛЬ                                                                 Васильев                                                                        Побоями учить -                                                                 
B0000086.SNGВо влажных пашнях по дорогам длинным,                                           Иващенко, Васильев, Слова Пабло Неруды                                          Во влажных пашнях по дорогам длинным,                                           
B0000056.SNGВПОЛОБОРОТА                                                                     Васильев                                                                        С недавних пор я почитаю счастьем                                               
B0000053.SNGВСТРЕЧНЫЙ МАРШ                                                                  Васильев                                                                        Играет встречный марш,                                                          
B0000043.SNGГОРОДСКОЙ РОМАНС                                                                Васильев                                                                        Приходи ко мне, Глафира,-                                                       
B0000052.SNGГОРЧИЦА                                                                         Васильев                                                                        Чтобы горчицу подсластить,                                                      
B0000002.SNGДЕВЯТЫЙ ВАЛ                                                                     Васильев                                                                        Когда встряхнет и захлестнет девятый вал,                                       
B0000003.SNGДЕТИ ТИШИНЫ                                                                     Иващенко                                                                        Как хорошо отбросить прочь сомненья и печали,                                   
B0000011.SNGДИССИДЕНТ                                                                       Васильев                                                                        Я верил в каждый публикуемый процент,                                           
B0000006.SNGДОЖДЬ НАД ИССЫК-КУЛЕМ                                                           Иващенко                                                                        Дождь над  Иссык- Кулем сплошной пеленой,                                       
B0000017.SNGДРУГУ                                                                           Иващенко                                                                        Когда по склону вниз метет пурга                                                
B0000051.SNGЕще стрелы из колчана                                                           Иващенко                                                                        Еще стрелы из колчана                                                           
B0000079.SNGЗа густой пеленой                                                               Иващенко                                                                        За густой пеленой                                                               
B0000010.SNGЗЕЛЕНЬ                                                                          Васильев, Иващенко                                                              - Какая пустота -                                                               
B0000085.SNGЗЕМНОЙ КАБАЛЬЕРО                                                                Иващенко, Васильев, Слова Пабло Неруды                                          Я стал бы, верно, славным псом,                                                 
B0000068.SNGиз Вагантов                                                                     Иващенко                                                                        Будет ныне учрежден                                                             
B0000030.SNGИНФЛЯЦИЯ ЛЮБВИ                                                                  Иващенко                                                                        Нам три копейки - деньги, если нам по восемь лет,                               
B0000065.SNGКак быстро привыкает кот к уюту,                                                Иващенко                                                                        Как быстро привыкает кот к уюту,                                                
B0000061.SNGКак опытный моряк, почувствую беду,                                             Иващенко                                                                        Как опытный моряк, почувствую беду,                                             
B0000024.SNGКАКАЯ СТРАHHАЯ ВОЛHА                                                            Иващенко, Васидьев                                                              Какая стpанная волна адpеналин хлестнула в вены!                                
B0000059.SNGКЛАДУТ АСФАЛЬТ                                                                  Иващенко                                                                        Кладут асфальт на площади Восстанья.                                            
B0000066.SNGКОЛЫБЕЛЬНАЯ ДЛЯ ЧЕРНОГО КОТЕНКА                                                 Иващенко                                                                        Устав от погони за бантиком белым,                                              
B0000020.SNGКОНЧАЕТСЯ ЧЕТВЕРГ                                                               Иващенко                                                                        Кончается четверг, и дождик мелок,                                              
B0000036.SNGКРЕМНЕВЫЕ РУЖЬЯ                                                                 Васильев                                                                        Кремневые ружья свое отслужили,                                                 
B0000058.SNGКРЕНДЕЛЯ                                                                        Иващенко                                                                        Ах, что за кренделя мы с вами выплетали,                                        
B0000088.SNGЛЕГЕНДА ОБ АКТЕОНЕ                                                              Иващенко, Васильев, Слова Джордано Бруно                                        Где-то на земле в глубине веков,                                                
B0000054.SNGЛЬГОТНЫЙ БИЛЕТ                                                                  Васильев, Слова Г.Васильева, А.Иващенко                                         Нет, мы не плачем, мы не плачем,-                                               
B0000009.SNGМАРГАРИТА                                                                       Иващенко                                                                        Погиб ли тот фрегат,                                                            
B0000047.SNGМЕТРОПОЛИТЕН                                                                    Иващенко                                                                        Я в метрополитен пустой проникну легко,                                         
B0000035.SNGМНЕ ПОДНЯЛИ ЗАРПЛАТУ                                                            Васильев                                                                        Мне подняли зарплату -                                                          
B0000048.SNGМОЙ МИЛЫЙ                                                                       Иващенко                                                                        Мой пух на розовых щеках                                                        
B0000071.SNGМУЗЫКАЛЬНЫЙ АВТОМАТ                                                             Васильев, Иващенко                                                              - Я - робот музыкальный МУ-О43.                                                 
B0000027.SNGНА КИЕВСКОМ ВОКЗАЛЕ                                                             Васильев                                                                        На Киевском вокзале                                                             
B00000N8.SNGНА ПОЛЕ КУЛИКОВОМ                                                               Иващенко, Васильева, Слова А.Блока                                              Река раскинулась. течет, грустит лениво                                         
B0000070.SNGНА ЮБИЛЕЙ                                                                       Васильев                                                                        Оступилась ладья, и фигура наша бита.                                           
B0000080.SNGНайдете вы следы в траве еще сырой...                                           Васильев                                                                        Найдете вы следы в траве еще сырой...                                           
B0000081.SNGНас время тащит за уши, мы через год изменимся,                                 Иващенко                                                                        Нас время тащит за уши, мы через год изменимся,                                 
B0000007.SNGНАТЮРМОРТ                                                                       Иващенко                                                                        Цветной настенный календарь                                                     
B0000089.SNGНЕ ДОГОВАРИВАЯ ФРАЗЫ                                                            Васильев, Слова Г.Чмерева                                                       Не договаривая фразы                                                            
B0000087.SNGНищета                                                                          Иващенко, Васильев, Слова Пабло Неруды                                          Ты в туфельках истоптанных не хочешь                                            
B0000025.SNGНОСТАЛЬГИЯ                                                                      Васильев                                                                        Колышется труба казенным ориентиром,                                            
B0000018.SNGНОЧЬ                                                                            Иващенко                                                                        Две бабочки дневных в ночи немой                                                
B0000078.SNGНу как не вовремя пришла весна,                                                 Иващенко                                                                        Ну как не вовремя пришла весна,                                                 
B0000038.SNGНУ, ВОТ И ВСЕ                                                                   Иващенко                                                                        Ну, вот и все, дружок,                                                          
B0000023.SNGОТКРЫТОЕ ПИСЬМО МЕЖРЕГ. ГРУППЫ ОРГ. ПРЕСТУПНИКОВ НА СЪЕЗД НАРОДНЫХ ДЕПУТАТОВ    Иващенко, Васильев                                                              Народные избранники,                                                            
B0000014.SNGОХ, НЕ ВЕЛИТ НАРОДНЫЙ ОПЫТ...                                                   Васильев                                                                        Ох, не велит народный опыт                                                      
B0000039.SNGОХОТА                                                                           Иващенко                                                                        Мы жжем сердца охотой, но победы нам горьки,                                    
B0000077.SNGОЧЕРЕДЬ                                                                         Васильев                                                                        Четвертый час за женщиной в кремпленовом пальто,                                
B0000026.SNGПервоапрельские тезисы. (план рев. восстания под руководством ЦК КПСС)          Васильев, Иващенко                                                              Низы в голодном исступленьи,                                                    
B0000004.SNGПЕСНЯ О ДВОРНИКЕ СТЕПАНОВЕ                                                      Иващенко                                                                        Набив межзвездной пустотой оба кармана,                                         
B0000021.SNGПЕСНЯ ПРО САМОЛЕТ И ВЕРТОЛЕТ                                                    Иващенко                                                                        У обрыва сижу на краю                                                           
B0000041.SNGПЕСНЯ ПРО ТЕСТО                                                                 Васильев, Слова Б.Бурды, Г.Васильева                                            Ни запретом, ни арестом,                                                        
B0000034.SNGПЕСНЯ ПРО ТО, КАК МЫ СТРОИЛИ НАВЕС НА ДАЧЕ ЕВГЕНИЯ ИВАНОВИЧА                    Иващенко, слова Г.Васильева                                                     На кочках цветочки, за кочками лес,                                             
B0000046.SNGПОРА                                                                            Иващенко                                                                        Подходит срок менять ковбойку на сюртук,                                        
B0000050.SNGПРОЩАЙ, КОПЕЙКА                                                                 Васильев                                                                        А-ну, доешь, а-ну, допей-ка,                                                    
B0000069.SNGПЯТЬ ЛЕТ                                                                        Васильев, Иващенко                                                              Я бы был изумлен,                                                               
B0000060.SNGРека за повротом изогнет седую спину,                                           Иващенко                                                                        Река за повротом изогнет седую спину,                                           
B0000073.SNGСам собой тихонько хрупнул черенок,                                             Васильев                                                                        Сам собой тихонько хрупнул черенок,                                             
B0000016.SNGСЕНТИМЕНТАЛЬНЫЙ РОМАНС, ПОСВЯЩЕННЫЙ ХОЛОДИЛЬНИКУ "ОРСК-7"                       Васильев, Иващенко                                                              Мне холодильник пел ночные песни,                                               
B0000074.SNGСиреневых плащей сиреневое знамя,                                               Иващенко                                                                        Сиреневых плащей сиреневое знамя,                                               
B0000005.SNGСКАЗАНИЕ О НОВЫХ ВРЕМЕНАХ В СЕЛЕ НЕПУТЕВКА                                      Васильев, Иващенко, Г.Васильева                                                 Летают мухи низко -                                                             
B0000082.SNGСогнул меня мой тайный груз,                                                    Иващенко                                                                        Согнул меня мой тайный груз,                                                    
B0000090.SNGСТУДЕНЧЕСКИЕ СТРАДАНИЯ                                                          Васильев, Иващенко                                                              Ходишь-бродишь день-деньской,                                                   
B0000015.SNGТЕРПЕНИЕ                                                                        Васильев                                                                        Вот сознательный рабочий,-                                                      
B0000072.SNGТЕРРОРИСТ ПОНЕВОЛЕ                                                              Васильев, Иващенко                                                              Третьи сутки ожиданья,                                                          
B0000044.SNGТИХИЙ  РОК-Н-РОЛЛ                                                               Иващенко, Слова Г.Васильева, А.Иващенко                                         Еще осталось метров двадцать,-                                                  
B0000022.SNGТРОЯК                                                                           Васильев                                                                        Шел, вздыхал да охал,                                                           
B0000057.SNGТы, орел в очках с портфелем, полным дел,                                       Васильев                                                                        Ты, орел в очках с портфелем, полным дел,                                       
B0000067.SNGУронили мишку на пол.                                                           Иващенко                                                                        - Уронили мишку на пол.                                                         
B0000019.SNGФЕВРАЛЬ                                                                         Иващенко                                                                        Вот и кончен февраль,                                                           
B0000000.SNGФЛЮГЕР МОИХ ВЕТРОВ                                                              Иващенкo                                                                        Флюгер моих ветров стрелкою оловянной                                           
B0000012.SNGЧАСТУШКИ-АПОКАЛИПСУШКИ                                                          Васильев, Иващенко                                                              Я плыву на катеpе,                                                              
B0000001.SNGШИПУЧЕЕ ВИНО                                                                    Васильев, Иващенко, слова Васильева                                             То рыдает, то хохочет,                                                          
B0000075.SNGЭФФЕКТ МАТВЕЯ                                                                   Иващенко                                                                        Давным-давно жил-был Матвей,                                                    
B0000055.SNGЯ ВОЗВРАЩАЮСЬ                                                                   Васильев                                                                        Я возвращаюсь к трудам и заботам                                                
B0000008.SNGЯ ВЫБЕРУ НЕМНОГО                                                                Иващенко                                                                        Когда придет мне время собираться налегке                                       
B0000042.SNGЯ ЖИЛ                                                                           Васильев                                                                        Я жил забыл уж, сколько тысяч лет,                                              
B0000028.SNGЯ ОПЯТЬ HАМЕДHИ ОДИЧАЛ                                                          Иващенко                                                                        Я опять намедни одичал,                                                         
B0000032.SNGЯГОДЫ ЖУЯ                                                                       Васильев                                                                        Лунку выкопал кто-то,                                                           
